[Mon Jul 27 03:54:30 2026] PHP 8.3.6 Development Server (http://localhost:8000) started
[Mon Jul 27 03:54:35 2026] [::1]:46246 Accepted
[Mon Jul 27 03:54:35 2026] [::1]:46246 [200]: GET /login.php
[Mon Jul 27 03:54:35 2026] [::1]:46246 Closing
[Mon Jul 27 03:54:35 2026] [::1]:46250 Accepted
[Mon Jul 27 03:54:35 2026] [::1]:46250 [404]: GET /uploads/favicon.png - No such file or directory
[Mon Jul 27 03:54:35 2026] [::1]:46250 Closing
[Mon Jul 27 03:54:35 2026] [::1]:46266 Accepted
[Mon Jul 27 03:54:35 2026] [::1]:46266 [404]: GET /uploads/favicon.png - No such file or directory
[Mon Jul 27 03:54:35 2026] [::1]:46266 Closing
[Mon Jul 27 03:54:36 2026] [::1]:46280 Accepted
[Mon Jul 27 03:54:36 2026] [::1]:46280 [302]: POST /login.php
[Mon Jul 27 03:54:36 2026] [::1]:46280 Closing
[Mon Jul 27 03:54:36 2026] [::1]:46284 Accepted
[Mon Jul 27 03:54:36 2026] [::1]:46284 [200]: GET /siswa/index.php
[Mon Jul 27 03:54:36 2026] [::1]:46284 Closing
[Mon Jul 27 03:54:36 2026] [::1]:46286 Accepted
[Mon Jul 27 03:54:36 2026] [::1]:46302 Accepted
[Mon Jul 27 03:54:36 2026] [::1]:46286 [200]: GET /assets/css/style.css
[Mon Jul 27 03:54:36 2026] [::1]:46286 Closing
[Mon Jul 27 03:54:36 2026] [::1]:46302 [200]: GET /assets/js/app.js
[Mon Jul 27 03:54:36 2026] [::1]:46302 Closing
[Mon Jul 27 03:54:38 2026] [::1]:46308 Accepted
[Mon Jul 27 03:54:38 2026] [::1]:46308 [200]: POST /api/submit_mood.php
[Mon Jul 27 03:54:38 2026] [::1]:46308 Closing
[Mon Jul 27 03:54:41 2026] [::1]:46316 Accepted
[Mon Jul 27 03:54:41 2026] [::1]:46316 [200]: GET /siswa/pengaduan.php
[Mon Jul 27 03:54:41 2026] [::1]:46316 Closing
[Mon Jul 27 03:54:41 2026] [::1]:46322 Accepted
[Mon Jul 27 03:54:41 2026] [::1]:46334 Accepted
[Mon Jul 27 03:54:41 2026] [::1]:46322 [200]: GET /assets/css/style.css
[Mon Jul 27 03:54:41 2026] [::1]:46334 [200]: GET /assets/js/app.js
[Mon Jul 27 03:54:41 2026] [::1]:46322 Closing
[Mon Jul 27 03:54:41 2026] [::1]:46334 Closing
[Mon Jul 27 03:54:42 2026] [::1]:46338 Accepted
[Mon Jul 27 03:54:42 2026] [::1]:46338 [200]: POST /siswa/pengaduan.php
[Mon Jul 27 03:54:42 2026] [::1]:46338 Closing
[Mon Jul 27 03:54:42 2026] [::1]:46350 Accepted
[Mon Jul 27 03:54:42 2026] [::1]:46362 Accepted
[Mon Jul 27 03:54:42 2026] [::1]:46350 [200]: GET /assets/css/style.css
[Mon Jul 27 03:54:42 2026] [::1]:46362 [200]: GET /assets/js/app.js
[Mon Jul 27 03:54:42 2026] [::1]:46350 Closing
[Mon Jul 27 03:54:42 2026] [::1]:46362 Closing
[Mon Jul 27 03:54:44 2026] [::1]:42500 Accepted
[Mon Jul 27 03:54:44 2026] [::1]:42500 [200]: GET /siswa/konsultasi.php
[Mon Jul 27 03:54:44 2026] [::1]:42500 Closing
[Mon Jul 27 03:54:44 2026] [::1]:42512 Accepted
[Mon Jul 27 03:54:44 2026] [::1]:42526 Accepted
[Mon Jul 27 03:54:44 2026] [::1]:42512 [200]: GET /assets/css/style.css
[Mon Jul 27 03:54:44 2026] [::1]:42526 [200]: GET /assets/js/app.js
[Mon Jul 27 03:54:44 2026] [::1]:42512 Closing
[Mon Jul 27 03:54:44 2026] [::1]:42526 Closing
[Mon Jul 27 03:54:46 2026] [::1]:42534 Accepted
[Mon Jul 27 03:54:46 2026] [::1]:42534 [302]: POST /siswa/konsultasi.php
[Mon Jul 27 03:54:46 2026] [::1]:42534 Closing
[Mon Jul 27 03:54:46 2026] [::1]:42550 Accepted
[Mon Jul 27 03:54:46 2026] [::1]:42550 [200]: GET /siswa/konsultasi.php?id=2
[Mon Jul 27 03:54:46 2026] [::1]:42550 Closing
[Mon Jul 27 03:54:46 2026] [::1]:42564 Accepted
[Mon Jul 27 03:54:46 2026] [::1]:42576 Accepted
[Mon Jul 27 03:54:46 2026] [::1]:42564 [200]: GET /assets/css/style.css
[Mon Jul 27 03:54:46 2026] [::1]:42576 [200]: GET /assets/js/app.js
[Mon Jul 27 03:54:46 2026] [::1]:42564 Closing
[Mon Jul 27 03:54:46 2026] [::1]:42576 Closing
[Mon Jul 27 03:54:48 2026] [::1]:42582 Accepted
[Mon Jul 27 03:54:48 2026] [::1]:42582 [302]: POST /siswa/konsultasi.php?id=2
[Mon Jul 27 03:54:48 2026] [::1]:42582 Closing
[Mon Jul 27 03:54:48 2026] [::1]:42598 Accepted
[Mon Jul 27 03:54:48 2026] [::1]:42598 [200]: GET /siswa/konsultasi.php?id=2
[Mon Jul 27 03:54:48 2026] [::1]:42598 Closing
[Mon Jul 27 03:54:48 2026] [::1]:42610 Accepted
[Mon Jul 27 03:54:48 2026] [::1]:42624 Accepted
[Mon Jul 27 03:54:48 2026] [::1]:42610 [200]: GET /assets/css/style.css
[Mon Jul 27 03:54:48 2026] [::1]:42624 [200]: GET /assets/js/app.js
[Mon Jul 27 03:54:48 2026] [::1]:42610 Closing
[Mon Jul 27 03:54:48 2026] [::1]:42624 Closing
[Mon Jul 27 03:54:51 2026] [::1]:42636 Accepted
[Mon Jul 27 03:54:51 2026] [::1]:42636 [200]: GET /siswa/kontak.php
[Mon Jul 27 03:54:51 2026] [::1]:42636 Closing
[Mon Jul 27 03:54:51 2026] [::1]:42640 Accepted
[Mon Jul 27 03:54:51 2026] [::1]:42650 Accepted
[Mon Jul 27 03:54:51 2026] [::1]:42640 [200]: GET /assets/css/style.css
[Mon Jul 27 03:54:51 2026] [::1]:42650 [200]: GET /assets/js/app.js
[Mon Jul 27 03:54:51 2026] [::1]:42640 Closing
[Mon Jul 27 03:54:51 2026] [::1]:42650 Closing
[Mon Jul 27 03:54:53 2026] [::1]:42656 Accepted
[Mon Jul 27 03:54:53 2026] [::1]:42656 [302]: GET /logout.php
[Mon Jul 27 03:54:53 2026] [::1]:42656 Closing
[Mon Jul 27 03:54:53 2026] [::1]:42658 Accepted
[Mon Jul 27 03:54:53 2026] [::1]:42658 [200]: GET /login.php
[Mon Jul 27 03:54:53 2026] [::1]:42658 Closing
[Mon Jul 27 03:54:53 2026] [::1]:47244 Accepted
[Mon Jul 27 03:54:53 2026] [::1]:47244 [404]: GET /uploads/favicon.png - No such file or directory
[Mon Jul 27 03:54:53 2026] [::1]:47244 Closing
[Mon Jul 27 03:54:53 2026] [::1]:47258 Accepted
[Mon Jul 27 03:54:53 2026] [::1]:47258 [404]: GET /uploads/favicon.png - No such file or directory
[Mon Jul 27 03:54:53 2026] [::1]:47258 Closing
[Mon Jul 27 03:54:54 2026] [::1]:47268 Accepted
[Mon Jul 27 03:54:54 2026] [::1]:47268 [200]: GET /login.php
[Mon Jul 27 03:54:54 2026] [::1]:47268 Closing
[Mon Jul 27 03:54:54 2026] [::1]:47274 Accepted
[Mon Jul 27 03:54:54 2026] [::1]:47274 [404]: GET /uploads/favicon.png - No such file or directory
[Mon Jul 27 03:54:54 2026] [::1]:47274 Closing
[Mon Jul 27 03:54:54 2026] [::1]:47280 Accepted
[Mon Jul 27 03:54:54 2026] [::1]:47280 [404]: GET /uploads/favicon.png - No such file or directory
[Mon Jul 27 03:54:54 2026] [::1]:47280 Closing
[Mon Jul 27 03:54:54 2026] [::1]:47282 Accepted
[Mon Jul 27 03:54:54 2026] [::1]:47282 [302]: POST /login.php
[Mon Jul 27 03:54:54 2026] [::1]:47282 Closing
[Mon Jul 27 03:54:54 2026] [::1]:47294 Accepted
[Mon Jul 27 03:54:54 2026] [::1]:47294 [302]: GET /index.php
[Mon Jul 27 03:54:54 2026] [::1]:47294 Closing
[Mon Jul 27 03:54:54 2026] [::1]:47306 Accepted
[Mon Jul 27 03:54:54 2026] [::1]:47306 [200]: GET /guru/
[Mon Jul 27 03:54:54 2026] [::1]:47306 Closing
[Mon Jul 27 03:54:54 2026] [::1]:47318 Accepted
[Mon Jul 27 03:54:54 2026] [::1]:47328 Accepted
[Mon Jul 27 03:54:54 2026] [::1]:47318 [200]: GET /assets/css/style.css
[Mon Jul 27 03:54:54 2026] [::1]:47328 [200]: GET /assets/js/app.js
[Mon Jul 27 03:54:54 2026] [::1]:47318 Closing
[Mon Jul 27 03:54:54 2026] [::1]:47328 Closing
[Mon Jul 27 03:54:55 2026] [::1]:47336 Accepted
[Mon Jul 27 03:54:55 2026] [::1]:47336 [200]: POST /api/submit_mood.php
[Mon Jul 27 03:54:55 2026] [::1]:47336 Closing
[Mon Jul 27 03:54:58 2026] [::1]:47344 Accepted
[Mon Jul 27 03:54:58 2026] [::1]:47344 [200]: GET /guru/konsultasi.php
[Mon Jul 27 03:54:58 2026] [::1]:47344 Closing
[Mon Jul 27 03:54:58 2026] [::1]:47356 Accepted
[Mon Jul 27 03:54:58 2026] [::1]:47360 Accepted
[Mon Jul 27 03:54:58 2026] [::1]:47356 [200]: GET /assets/css/style.css
[Mon Jul 27 03:54:58 2026] [::1]:47360 [200]: GET /assets/js/app.js
[Mon Jul 27 03:54:58 2026] [::1]:47356 Closing
[Mon Jul 27 03:54:58 2026] [::1]:47360 Closing
[Mon Jul 27 03:55:00 2026] [::1]:47374 Accepted
[Mon Jul 27 03:55:00 2026] [::1]:47374 [200]: GET /guru/konsultasi.php?id=2
[Mon Jul 27 03:55:00 2026] [::1]:47374 Closing
[Mon Jul 27 03:55:00 2026] [::1]:47384 Accepted
[Mon Jul 27 03:55:00 2026] [::1]:47386 Accepted
[Mon Jul 27 03:55:00 2026] [::1]:47384 [200]: GET /assets/css/style.css
[Mon Jul 27 03:55:00 2026] [::1]:47386 [200]: GET /assets/js/app.js
[Mon Jul 27 03:55:00 2026] [::1]:47384 Closing
[Mon Jul 27 03:55:00 2026] [::1]:47386 Closing
[Mon Jul 27 03:55:04 2026] [::1]:33386 Accepted
[Mon Jul 27 03:55:04 2026] [::1]:33386 [200]: GET /guru/rekap_pengaduan.php
[Mon Jul 27 03:55:04 2026] [::1]:33386 Closing
[Mon Jul 27 03:55:04 2026] [::1]:33388 Accepted
[Mon Jul 27 03:55:04 2026] [::1]:33402 Accepted
[Mon Jul 27 03:55:04 2026] [::1]:33388 [200]: GET /assets/css/style.css
[Mon Jul 27 03:55:04 2026] [::1]:33402 [200]: GET /assets/js/app.js
[Mon Jul 27 03:55:04 2026] [::1]:33388 Closing
[Mon Jul 27 03:55:04 2026] [::1]:33402 Closing
